src/app/(dashboard)/ventas/clientes/[id]/editar/page.tsx(17,27): error TS2345: Argument of type 'string | null' is not assignable to parameter of type 'string'.
  Type 'null' is not assignable to type 'string'.
src/app/(dashboard)/ventas/clientes/[id]/page.tsx(33,27): error TS2345: Argument of type 'string | null' is not assignable to parameter of type 'string'.
  Type 'null' is not assignable to type 'string'.
src/app/(dashboard)/ventas/clientes/page.tsx(44,27): error TS2345: Argument of type 'string | null' is not assignable to parameter of type 'string'.
  Type 'null' is not assignable to type 'string'.
src/app/(dashboard)/ventas/clientes/page.tsx(107,28): error TS2719: Type 'Cliente[]' is not assignable to type 'Cliente[]'. Two different types with this name exist, but they are unrelated.
  Type 'Cliente' is missing the following properties from type 'Cliente': tipo_cliente, idioma_preferente, direccion, codigo_postal, and 6 more.
src/app/(dashboard)/ventas/configuracion/conceptos/page.tsx(30,27): error TS2345: Argument of type 'string | null' is not assignable to parameter of type 'string'.
  Type 'null' is not assignable to type 'string'.
src/app/(dashboard)/ventas/configuracion/plantillas/[id]/editar/page.tsx(28,27): error TS2345: Argument of type 'string | null' is not assignable to parameter of type 'string'.
  Type 'null' is not assignable to type 'string'.
src/app/(dashboard)/ventas/configuracion/series/[id]/editar/page.tsx(17,15): error TS2769: No overload matches this call.
  Overload 1 of 2, '(relation: "perfiles" | "clientes" | "facturas" | "lineas_factura" | "eventos_factura" | "pagos_factura" | "empresas" | "conceptos_catalogo" | "plantillas_pdf"): PostgrestQueryBuilder<{ PostgrestVersion: "12"; }, { ...; }, { ...; } | ... 7 more ... | { ...; }, "perfiles" | ... 7 more ... | "plantillas_pdf", [] | ... 5 more ... | [...]>', gave the following error.
    Argument of type '"series_facturacion"' is not assignable to parameter of type '"perfiles" | "clientes" | "facturas" | "lineas_factura" | "eventos_factura" | "pagos_factura" | "empresas" | "conceptos_catalogo" | "plantillas_pdf"'.
  Overload 2 of 2, '(relation: never): PostgrestQueryBuilder<{ PostgrestVersion: "12"; }, { Tables: { clientes: { Row: { activo: boolean | null; cif: string; ciudad: string | null; codigo_postal: string | null; created_at: string; ... 10 more ...; user_id: string; }; Insert: { ...; }; Update: { ...; }; Relationships: [...]; }; ... 7 more ...; plantillas_pdf: { ...; }; }; Views: {}; Functions: {}; Enums: {}; CompositeTypes: {}; }, never, never, never>', gave the following error.
    Argument of type '"series_facturacion"' is not assignable to parameter of type 'never'.
src/app/(dashboard)/ventas/configuracion/series/page.tsx(23,15): error TS2769: No overload matches this call.
  Overload 1 of 2, '(relation: "perfiles" | "clientes" | "facturas" | "lineas_factura" | "eventos_factura" | "pagos_factura" | "empresas" | "conceptos_catalogo" | "plantillas_pdf"): PostgrestQueryBuilder<{ PostgrestVersion: "12"; }, { ...; }, { ...; } | ... 7 more ... | { ...; }, "perfiles" | ... 7 more ... | "plantillas_pdf", [] | ... 5 more ... | [...]>', gave the following error.
    Argument of type '"series_facturacion"' is not assignable to parameter of type '"perfiles" | "clientes" | "facturas" | "lineas_factura" | "eventos_factura" | "pagos_factura" | "empresas" | "conceptos_catalogo" | "plantillas_pdf"'.
  Overload 2 of 2, '(relation: never): PostgrestQueryBuilder<{ PostgrestVersion: "12"; }, { Tables: { clientes: { Row: { activo: boolean | null; cif: string; ciudad: string | null; codigo_postal: string | null; created_at: string; ... 10 more ...; user_id: string; }; Insert: { ...; }; Update: { ...; }; Relationships: [...]; }; ... 7 more ...; plantillas_pdf: { ...; }; }; Views: {}; Functions: {}; Enums: {}; CompositeTypes: {}; }, never, never, never>', gave the following error.
    Argument of type '"series_facturacion"' is not assignable to parameter of type 'never'.
src/app/(dashboard)/ventas/configuracion/series/page.tsx(25,27): error TS2345: Argument of type 'string | null' is not assignable to parameter of type '{}'.
  Type 'null' is not assignable to type '{}'.
src/app/(dashboard)/ventas/facturas/[id]/page.tsx(102,38): error TS2322: Type '{ activo: boolean | null; cif: string; ciudad: string | null; codigo_postal: string | null; created_at: string; direccion: string | null; email: string | null; empresa_id: string; id: string; ... 6 more ...; user_id: string; }' is not assignable to type '{ nombre_fiscal: string; nombre_comercial?: string | undefined; cif: string; email?: string | undefined; telefono?: string | undefined; direccion?: string | undefined; ciudad?: string | undefined; codigo_postal?: string | undefined; }'.
  Types of property 'nombre_comercial' are incompatible.
    Type 'string | null' is not assignable to type 'string | undefined'.
      Type 'null' is not assignable to type 'string | undefined'.
src/app/(dashboard)/ventas/facturas/[id]/page.tsx(106,41): error TS2322: Type '{ cantidad: number; concepto: string; concepto_id: string | null; created_at: string; descripcion: string | null; descuento_porcentaje: number; factura_id: string; id: string; iva_porcentaje: number; precio_unitario: number; subtotal: number; updated_at: string; }[]' is not assignable to type 'Linea[]'.
  Type '{ cantidad: number; concepto: string; concepto_id: string | null; created_at: string; descripcion: string | null; descuento_porcentaje: number; factura_id: string; id: string; iva_porcentaje: number; precio_unitario: number; subtotal: number; updated_at: string; }' is not assignable to type 'Linea'.
    Types of property 'descripcion' are incompatible.
      Type 'string | null' is not assignable to type 'string | undefined'.
        Type 'null' is not assignable to type 'string | undefined'.
src/app/(dashboard)/ventas/facturas/page.tsx(166,21): error TS2322: Type '{ archivo_url: string | null; base_imponible: number; cliente_id: string; created_at: string; descuento: number; empresa_id: string; estado: string; fecha_emision: string; fecha_vencimiento: string; ... 10 more ...; cliente: { ...; }; }[]' is not assignable to type 'FacturaWithCliente[]'.
  Type '{ archivo_url: string | null; base_imponible: number; cliente_id: string; created_at: string; descuento: number; empresa_id: string; estado: string; fecha_emision: string; fecha_vencimiento: string; ... 10 more ...; cliente: { ...; }; }' is not assignable to type 'FacturaWithCliente'.
    Types of property 'cliente' are incompatible.
      Type '{ nombre_fiscal: string; nombre_comercial: string | null; cif: string; }' is missing the following properties from type '{ activo: boolean | null; cif: string; ciudad: string | null; codigo_postal: string | null; created_at: string; direccion: string | null; email: string | null; empresa_id: string; id: string; ... 6 more ...; user_id: string; }': activo, ciudad, codigo_postal, created_at, and 9 more.
src/app/(dashboard)/ventas/informes/page.tsx(7,33): error TS2307: Cannot find module '@/components/dashboard/dashboard-header' or its corresponding type declarations.
src/app/(dashboard)/ventas/informes/page.tsx(8,32): error TS2307: Cannot find module '@/components/dashboard/dashboard-shell' or its corresponding type declarations.
src/app/actions/auth.ts(69,29): error TS18047: 'data.user' is possibly 'null'.
src/app/actions/auth.ts(70,32): error TS18047: 'data.user' is possibly 'null'.
src/app/actions/auth.ts(78,17): error TS2304: Cannot find name 'fs'.
src/app/actions/auth.ts(83,34): error TS18047: 'error' is possibly 'null'.
src/app/actions/auth.ts(88,13): error TS2304: Cannot find name 'fs'.
src/app/actions/auth.ts(88,92): error TS18047: 'data.user' is possibly 'null'.
src/app/actions/auth.ts(102,25): error TS18047: 'data.user' is possibly 'null'.
src/app/actions/auth.ts(103,28): error TS18047: 'data.user' is possibly 'null'.
src/app/actions/conceptos.ts(46,82): error TS2345: Argument of type '"generar_codigo_concepto"' is not assignable to parameter of type 'never'.
src/app/actions/conceptos.ts(160,75): error TS2345: Argument of type '"generar_codigo_concepto"' is not assignable to parameter of type 'never'.
src/app/actions/email.tsx(59,31): error TS2345: Argument of type 'string | null' is not assignable to parameter of type 'string'.
  Type 'null' is not assignable to type 'string'.
src/app/actions/series.ts(40,23): error TS2769: No overload matches this call.
  Overload 1 of 2, '(relation: "perfiles" | "clientes" | "facturas" | "lineas_factura" | "eventos_factura" | "pagos_factura" | "empresas" | "conceptos_catalogo" | "plantillas_pdf"): PostgrestQueryBuilder<{ PostgrestVersion: "12"; }, { ...; }, { ...; } | ... 7 more ... | { ...; }, "perfiles" | ... 7 more ... | "plantillas_pdf", [] | ... 5 more ... | [...]>', gave the following error.
    Argument of type '"series_facturacion"' is not assignable to parameter of type '"perfiles" | "clientes" | "facturas" | "lineas_factura" | "eventos_factura" | "pagos_factura" | "empresas" | "conceptos_catalogo" | "plantillas_pdf"'.
  Overload 2 of 2, '(relation: never): PostgrestQueryBuilder<{ PostgrestVersion: "12"; }, { Tables: { clientes: { Row: { activo: boolean | null; cif: string; ciudad: string | null; codigo_postal: string | null; created_at: string; ... 10 more ...; user_id: string; }; Insert: { ...; }; Update: { ...; }; Relationships: [...]; }; ... 7 more ...; plantillas_pdf: { ...; }; }; Views: {}; Functions: {}; Enums: {}; CompositeTypes: {}; }, never, never, never>', gave the following error.
    Argument of type '"series_facturacion"' is not assignable to parameter of type 'never'.
src/app/actions/series.ts(46,19): error TS2769: No overload matches this call.
  Overload 1 of 2, '(relation: "perfiles" | "clientes" | "facturas" | "lineas_factura" | "eventos_factura" | "pagos_factura" | "empresas" | "conceptos_catalogo" | "plantillas_pdf"): PostgrestQueryBuilder<{ PostgrestVersion: "12"; }, { ...; }, { ...; } | ... 7 more ... | { ...; }, "perfiles" | ... 7 more ... | "plantillas_pdf", [] | ... 5 more ... | [...]>', gave the following error.
    Argument of type '"series_facturacion"' is not assignable to parameter of type '"perfiles" | "clientes" | "facturas" | "lineas_factura" | "eventos_factura" | "pagos_factura" | "empresas" | "conceptos_catalogo" | "plantillas_pdf"'.
  Overload 2 of 2, '(relation: never): PostgrestQueryBuilder<{ PostgrestVersion: "12"; }, { Tables: { clientes: { Row: { activo: boolean | null; cif: string; ciudad: string | null; codigo_postal: string | null; created_at: string; ... 10 more ...; user_id: string; }; Insert: { ...; }; Update: { ...; }; Relationships: [...]; }; ... 7 more ...; plantillas_pdf: { ...; }; }; Views: {}; Functions: {}; Enums: {}; CompositeTypes: {}; }, never, never, never>', gave the following error.
    Argument of type '"series_facturacion"' is not assignable to parameter of type 'never'.
src/app/actions/series.ts(84,23): error TS2769: No overload matches this call.
  Overload 1 of 2, '(relation: "perfiles" | "clientes" | "facturas" | "lineas_factura" | "eventos_factura" | "pagos_factura" | "empresas" | "conceptos_catalogo" | "plantillas_pdf"): PostgrestQueryBuilder<{ PostgrestVersion: "12"; }, { ...; }, { ...; } | ... 7 more ... | { ...; }, "perfiles" | ... 7 more ... | "plantillas_pdf", [] | ... 5 more ... | [...]>', gave the following error.
    Argument of type '"series_facturacion"' is not assignable to parameter of type '"perfiles" | "clientes" | "facturas" | "lineas_factura" | "eventos_factura" | "pagos_factura" | "empresas" | "conceptos_catalogo" | "plantillas_pdf"'.
  Overload 2 of 2, '(relation: never): PostgrestQueryBuilder<{ PostgrestVersion: "12"; }, { Tables: { clientes: { Row: { activo: boolean | null; cif: string; ciudad: string | null; codigo_postal: string | null; created_at: string; ... 10 more ...; user_id: string; }; Insert: { ...; }; Update: { ...; }; Relationships: [...]; }; ... 7 more ...; plantillas_pdf: { ...; }; }; Views: {}; Functions: {}; Enums: {}; CompositeTypes: {}; }, never, never, never>', gave the following error.
    Argument of type '"series_facturacion"' is not assignable to parameter of type 'never'.
src/app/actions/series.ts(91,19): error TS2769: No overload matches this call.
  Overload 1 of 2, '(relation: "perfiles" | "clientes" | "facturas" | "lineas_factura" | "eventos_factura" | "pagos_factura" | "empresas" | "conceptos_catalogo" | "plantillas_pdf"): PostgrestQueryBuilder<{ PostgrestVersion: "12"; }, { ...; }, { ...; } | ... 7 more ... | { ...; }, "perfiles" | ... 7 more ... | "plantillas_pdf", [] | ... 5 more ... | [...]>', gave the following error.
    Argument of type '"series_facturacion"' is not assignable to parameter of type '"perfiles" | "clientes" | "facturas" | "lineas_factura" | "eventos_factura" | "pagos_factura" | "empresas" | "conceptos_catalogo" | "plantillas_pdf"'.
  Overload 2 of 2, '(relation: never): PostgrestQueryBuilder<{ PostgrestVersion: "12"; }, { Tables: { clientes: { Row: { activo: boolean | null; cif: string; ciudad: string | null; codigo_postal: string | null; created_at: string; ... 10 more ...; user_id: string; }; Insert: { ...; }; Update: { ...; }; Relationships: [...]; }; ... 7 more ...; plantillas_pdf: { ...; }; }; Views: {}; Functions: {}; Enums: {}; CompositeTypes: {}; }, never, never, never>', gave the following error.
    Argument of type '"series_facturacion"' is not assignable to parameter of type 'never'.
src/app/actions/series.ts(124,19): error TS2769: No overload matches this call.
  Overload 1 of 2, '(relation: "perfiles" | "clientes" | "facturas" | "lineas_factura" | "eventos_factura" | "pagos_factura" | "empresas" | "conceptos_catalogo" | "plantillas_pdf"): PostgrestQueryBuilder<{ PostgrestVersion: "12"; }, { ...; }, { ...; } | ... 7 more ... | { ...; }, "perfiles" | ... 7 more ... | "plantillas_pdf", [] | ... 5 more ... | [...]>', gave the following error.
    Argument of type '"series_facturacion"' is not assignable to parameter of type '"perfiles" | "clientes" | "facturas" | "lineas_factura" | "eventos_factura" | "pagos_factura" | "empresas" | "conceptos_catalogo" | "plantillas_pdf"'.
  Overload 2 of 2, '(relation: never): PostgrestQueryBuilder<{ PostgrestVersion: "12"; }, { Tables: { clientes: { Row: { activo: boolean | null; cif: string; ciudad: string | null; codigo_postal: string | null; created_at: string; ... 10 more ...; user_id: string; }; Insert: { ...; }; Update: { ...; }; Relationships: [...]; }; ... 7 more ...; plantillas_pdf: { ...; }; }; Views: {}; Functions: {}; Enums: {}; CompositeTypes: {}; }, never, never, never>', gave the following error.
    Argument of type '"series_facturacion"' is not assignable to parameter of type 'never'.
src/app/actions/series.ts(144,19): error TS2769: No overload matches this call.
  Overload 1 of 2, '(relation: "perfiles" | "clientes" | "facturas" | "lineas_factura" | "eventos_factura" | "pagos_factura" | "empresas" | "conceptos_catalogo" | "plantillas_pdf"): PostgrestQueryBuilder<{ PostgrestVersion: "12"; }, { ...; }, { ...; } | ... 7 more ... | { ...; }, "perfiles" | ... 7 more ... | "plantillas_pdf", [] | ... 5 more ... | [...]>', gave the following error.
    Argument of type '"series_facturacion"' is not assignable to parameter of type '"perfiles" | "clientes" | "facturas" | "lineas_factura" | "eventos_factura" | "pagos_factura" | "empresas" | "conceptos_catalogo" | "plantillas_pdf"'.
  Overload 2 of 2, '(relation: never): PostgrestQueryBuilder<{ PostgrestVersion: "12"; }, { Tables: { clientes: { Row: { activo: boolean | null; cif: string; ciudad: string | null; codigo_postal: string | null; created_at: string; ... 10 more ...; user_id: string; }; Insert: { ...; }; Update: { ...; }; Relationships: [...]; }; ... 7 more ...; plantillas_pdf: { ...; }; }; Views: {}; Functions: {}; Enums: {}; CompositeTypes: {}; }, never, never, never>', gave the following error.
    Argument of type '"series_facturacion"' is not assignable to parameter of type 'never'.
src/app/actions/series.ts(165,19): error TS2769: No overload matches this call.
  Overload 1 of 2, '(relation: "perfiles" | "clientes" | "facturas" | "lineas_factura" | "eventos_factura" | "pagos_factura" | "empresas" | "conceptos_catalogo" | "plantillas_pdf"): PostgrestQueryBuilder<{ PostgrestVersion: "12"; }, { ...; }, { ...; } | ... 7 more ... | { ...; }, "perfiles" | ... 7 more ... | "plantillas_pdf", [] | ... 5 more ... | [...]>', gave the following error.
    Argument of type '"series_facturacion"' is not assignable to parameter of type '"perfiles" | "clientes" | "facturas" | "lineas_factura" | "eventos_factura" | "pagos_factura" | "empresas" | "conceptos_catalogo" | "plantillas_pdf"'.
  Overload 2 of 2, '(relation: never): PostgrestQueryBuilder<{ PostgrestVersion: "12"; }, { Tables: { clientes: { Row: { activo: boolean | null; cif: string; ciudad: string | null; codigo_postal: string | null; created_at: string; ... 10 more ...; user_id: string; }; Insert: { ...; }; Update: { ...; }; Relationships: [...]; }; ... 7 more ...; plantillas_pdf: { ...; }; }; Views: {}; Functions: {}; Enums: {}; CompositeTypes: {}; }, never, never, never>', gave the following error.
    Argument of type '"series_facturacion"' is not assignable to parameter of type 'never'.
src/app/actions/series.ts(171,19): error TS2769: No overload matches this call.
  Overload 1 of 2, '(relation: "perfiles" | "clientes" | "facturas" | "lineas_factura" | "eventos_factura" | "pagos_factura" | "empresas" | "conceptos_catalogo" | "plantillas_pdf"): PostgrestQueryBuilder<{ PostgrestVersion: "12"; }, { ...; }, { ...; } | ... 7 more ... | { ...; }, "perfiles" | ... 7 more ... | "plantillas_pdf", [] | ... 5 more ... | [...]>', gave the following error.
    Argument of type '"series_facturacion"' is not assignable to parameter of type '"perfiles" | "clientes" | "facturas" | "lineas_factura" | "eventos_factura" | "pagos_factura" | "empresas" | "conceptos_catalogo" | "plantillas_pdf"'.
  Overload 2 of 2, '(relation: never): PostgrestQueryBuilder<{ PostgrestVersion: "12"; }, { Tables: { clientes: { Row: { activo: boolean | null; cif: string; ciudad: string | null; codigo_postal: string | null; created_at: string; ... 10 more ...; user_id: string; }; Insert: { ...; }; Update: { ...; }; Relationships: [...]; }; ... 7 more ...; plantillas_pdf: { ...; }; }; Views: {}; Functions: {}; Enums: {}; CompositeTypes: {}; }, never, never, never>', gave the following error.
    Argument of type '"series_facturacion"' is not assignable to parameter of type 'never'.
src/app/actions/series.ts(191,19): error TS2769: No overload matches this call.
  Overload 1 of 2, '(relation: "perfiles" | "clientes" | "facturas" | "lineas_factura" | "eventos_factura" | "pagos_factura" | "empresas" | "conceptos_catalogo" | "plantillas_pdf"): PostgrestQueryBuilder<{ PostgrestVersion: "12"; }, { ...; }, { ...; } | ... 7 more ... | { ...; }, "perfiles" | ... 7 more ... | "plantillas_pdf", [] | ... 5 more ... | [...]>', gave the following error.
    Argument of type '"series_facturacion"' is not assignable to parameter of type '"perfiles" | "clientes" | "facturas" | "lineas_factura" | "eventos_factura" | "pagos_factura" | "empresas" | "conceptos_catalogo" | "plantillas_pdf"'.
  Overload 2 of 2, '(relation: never): PostgrestQueryBuilder<{ PostgrestVersion: "12"; }, { Tables: { clientes: { Row: { activo: boolean | null; cif: string; ciudad: string | null; codigo_postal: string | null; created_at: string; ... 10 more ...; user_id: string; }; Insert: { ...; }; Update: { ...; }; Relationships: [...]; }; ... 7 more ...; plantillas_pdf: { ...; }; }; Views: {}; Functions: {}; Enums: {}; CompositeTypes: {}; }, never, never, never>', gave the following error.
    Argument of type '"series_facturacion"' is not assignable to parameter of type 'never'.
src/app/actions/series.ts(200,19): error TS2769: No overload matches this call.
  Overload 1 of 2, '(relation: "perfiles" | "clientes" | "facturas" | "lineas_factura" | "eventos_factura" | "pagos_factura" | "empresas" | "conceptos_catalogo" | "plantillas_pdf"): PostgrestQueryBuilder<{ PostgrestVersion: "12"; }, { ...; }, { ...; } | ... 7 more ... | { ...; }, "perfiles" | ... 7 more ... | "plantillas_pdf", [] | ... 5 more ... | [...]>', gave the following error.
    Argument of type '"series_facturacion"' is not assignable to parameter of type '"perfiles" | "clientes" | "facturas" | "lineas_factura" | "eventos_factura" | "pagos_factura" | "empresas" | "conceptos_catalogo" | "plantillas_pdf"'.
  Overload 2 of 2, '(relation: never): PostgrestQueryBuilder<{ PostgrestVersion: "12"; }, { Tables: { clientes: { Row: { activo: boolean | null; cif: string; ciudad: string | null; codigo_postal: string | null; created_at: string; ... 10 more ...; user_id: string; }; Insert: { ...; }; Update: { ...; }; Relationships: [...]; }; ... 7 more ...; plantillas_pdf: { ...; }; }; Views: {}; Functions: {}; Enums: {}; CompositeTypes: {}; }, never, never, never>', gave the following error.
    Argument of type '"series_facturacion"' is not assignable to parameter of type 'never'.
src/app/actions/series.ts(201,23): error TS2353: Object literal may only specify known properties, and 'numero_actual' does not exist in type '{ activo?: boolean | null | undefined; cif?: string | undefined; ciudad?: string | null | undefined; codigo_postal?: string | null | undefined; created_at?: string | undefined; direccion?: string | ... 1 more ... | undefined; ... 9 more ...; user_id?: string | undefined; } | ... 7 more ... | { ...; }'.
src/app/actions/series.ts(201,44): error TS2339: Property 'numero_inicial' does not exist on type 'SelectQueryError<"column 'numero_inicial' does not exist on 'perfiles'."> | SelectQueryError<"column 'numero_inicial' does not exist on 'clientes'."> | ... 6 more ... | SelectQueryError<...>'.
  Property 'numero_inicial' does not exist on type 'SelectQueryError<"column 'numero_inicial' does not exist on 'perfiles'.">'.
src/app/actions/ventas.ts(11,48): error TS2345: Argument of type '"obtener_siguiente_numero_serie"' is not assignable to parameter of type 'never'.
src/app/actions/ventas.ts(51,14): error TS2769: No overload matches this call.
  Overload 1 of 2, '(values: { archivo_url?: string | null | undefined; base_imponible?: number | undefined; cliente_id: string; created_at?: string | undefined; descuento?: number | undefined; empresa_id: string; ... 12 more ...; user_id?: string | undefined; }, options?: { ...; } | undefined): PostgrestFilterBuilder<...>', gave the following error.
    Object literal may only specify known properties, but 'serie_id' does not exist in type '{ archivo_url?: string | null | undefined; base_imponible?: number | undefined; cliente_id: string; created_at?: string | undefined; descuento?: number | undefined; empresa_id: string; ... 12 more ...; user_id?: string | undefined; }'. Did you mean to write 'user_id'?
  Overload 2 of 2, '(values: { archivo_url?: string | null | undefined; base_imponible?: number | undefined; cliente_id: string; created_at?: string | undefined; descuento?: number | undefined; empresa_id: string; ... 12 more ...; user_id?: string | undefined; }[], options?: { ...; } | undefined): PostgrestFilterBuilder<...>', gave the following error.
    Object literal may only specify known properties, and 'empresa_id' does not exist in type '{ archivo_url?: string | null | undefined; base_imponible?: number | undefined; cliente_id: string; created_at?: string | undefined; descuento?: number | undefined; empresa_id: string; ... 12 more ...; user_id?: string | undefined; }[]'.
src/app/actions/ventas.ts(145,14): error TS2769: No overload matches this call.
  Overload 1 of 2, '(values: { archivo_url?: string | null | undefined; base_imponible?: number | undefined; cliente_id: string; created_at?: string | undefined; descuento?: number | undefined; empresa_id: string; ... 12 more ...; user_id?: string | undefined; }, options?: { ...; } | undefined): PostgrestFilterBuilder<...>', gave the following error.
    Object literal may only specify known properties, but 'serie_id' does not exist in type '{ archivo_url?: string | null | undefined; base_imponible?: number | undefined; cliente_id: string; created_at?: string | undefined; descuento?: number | undefined; empresa_id: string; ... 12 more ...; user_id?: string | undefined; }'. Did you mean to write 'user_id'?
  Overload 2 of 2, '(values: { archivo_url?: string | null | undefined; base_imponible?: number | undefined; cliente_id: string; created_at?: string | undefined; descuento?: number | undefined; empresa_id: string; ... 12 more ...; user_id?: string | undefined; }[], options?: { ...; } | undefined): PostgrestFilterBuilder<...>', gave the following error.
    Object literal may only specify known properties, and 'empresa_id' does not exist in type '{ archivo_url?: string | null | undefined; base_imponible?: number | undefined; cliente_id: string; created_at?: string | undefined; descuento?: number | undefined; empresa_id: string; ... 12 more ...; user_id?: string | undefined; }[]'.
src/app/actions/ventas.ts(236,21): error TS2339: Property 'estado' does not exist on type 'SelectQueryError<"column 'serie_id' does not exist on 'facturas'.">'.
src/app/actions/ventas.ts(242,64): error TS2339: Property 'fecha_vencimiento' does not exist on type 'SelectQueryError<"column 'serie_id' does not exist on 'facturas'.">'.
src/app/actions/ventas.ts(247,55): error TS2339: Property 'notas' does not exist on type 'SelectQueryError<"column 'serie_id' does not exist on 'facturas'.">'.
src/app/actions/ventas.ts(253,21): error TS2339: Property 'estado' does not exist on type 'SelectQueryError<"column 'serie_id' does not exist on 'facturas'.">'.
src/app/actions/ventas.ts(254,72): error TS2339: Property 'serie_id' does not exist on type 'SelectQueryError<"column 'serie_id' does not exist on 'facturas'.">'.
src/app/actions/ventas.ts(360,31): error TS2345: Argument of type 'string | null' is not assignable to parameter of type 'string'.
  Type 'null' is not assignable to type 'string'.
src/app/actions/ventas.ts(368,21): error TS2339: Property 'estado' does not exist on type 'SelectQueryError<"column 'serie_id' does not exist on 'facturas'.">'.
src/app/actions/ventas.ts(373,21): error TS2339: Property 'estado' does not exist on type 'SelectQueryError<"column 'serie_id' does not exist on 'facturas'.">'.
src/app/actions/ventas.ts(484,31): error TS2345: Argument of type 'string | null' is not assignable to parameter of type 'string'.
  Type 'null' is not assignable to type 'string'.
src/components/informes/informes-graficos.tsx(87,37): error TS2322: Type '(value: number) => [string, "Facturaci├│n"]' is not assignable to type 'Formatter<number, "Facturaci├│n"> & ((value: number, name: "Facturaci├│n", item: Payload<number, "Facturaci├│n">, index: number, payload: Payload<number, "Facturaci├│n">[]) => ReactNode | [...])'.
  Type '(value: number) => [string, "Facturaci├│n"]' is not assignable to type 'Formatter<number, "Facturaci├│n">'.
    Types of parameters 'value' and 'value' are incompatible.
      Type 'number | undefined' is not assignable to type 'number'.
        Type 'undefined' is not assignable to type 'number'.
src/components/informes/informes-graficos.tsx(153,42): error TS2322: Type '(value: number) => [string, "Facturado"]' is not assignable to type 'Formatter<number, "Facturado"> & ((value: number, name: "Facturado", item: Payload<number, "Facturado">, index: number, payload: Payload<number, "Facturado">[]) => ReactNode | [...])'.
  Type '(value: number) => [string, "Facturado"]' is not assignable to type 'Formatter<number, "Facturado">'.
    Types of parameters 'value' and 'value' are incompatible.
      Type 'number | undefined' is not assignable to type 'number'.
        Type 'undefined' is not assignable to type 'number'.
src/components/informes/informes-graficos.tsx(178,47): error TS2339: Property 'categoria' does not exist on type 'PieLabelRenderProps'.
src/components/informes/informes-graficos.tsx(178,89): error TS18048: 'percent' is possibly 'undefined'.
src/components/informes/informes-graficos.tsx(184,42): error TS2322: Type '(value: number) => [string, "Ingresos"]' is not assignable to type 'Formatter<number, "Ingresos"> & ((value: number, name: "Ingresos", item: Payload<number, "Ingresos">, index: number, payload: Payload<number, "Ingresos">[]) => ReactNode | [...])'.
  Type '(value: number) => [string, "Ingresos"]' is not assignable to type 'Formatter<number, "Ingresos">'.
    Types of parameters 'value' and 'value' are incompatible.
      Type 'number | undefined' is not assignable to type 'number'.
        Type 'undefined' is not assignable to type 'number'.
src/components/pagos/pago-form.tsx(34,9): error TS2322: Type 'Resolver<{ factura_id: string; importe: number; fecha_pago: string; metodo_pago: "transferencia" | "otro" | "efectivo" | "tarjeta" | "domiciliacion" | "cheque"; referencia?: string | undefined; cuenta_bancaria?: string | undefined; conciliado?: boolean | undefined; notas?: string | undefined; }, any, { ...; }>' is not assignable to type 'Resolver<{ factura_id: string; importe: number; fecha_pago: string; metodo_pago: "transferencia" | "otro" | "efectivo" | "tarjeta" | "domiciliacion" | "cheque"; conciliado: boolean; referencia?: string | undefined; cuenta_bancaria?: string | undefined; notas?: string | undefined; }, any, { ...; }>'.
  Types of parameters 'options' and 'options' are incompatible.
    Type 'ResolverOptions<{ factura_id: string; importe: number; fecha_pago: string; metodo_pago: "transferencia" | "otro" | "efectivo" | "tarjeta" | "domiciliacion" | "cheque"; conciliado: boolean; referencia?: string | undefined; cuenta_bancaria?: string | undefined; notas?: string | undefined; }>' is not assignable to type 'ResolverOptions<{ factura_id: string; importe: number; fecha_pago: string; metodo_pago: "transferencia" | "otro" | "efectivo" | "tarjeta" | "domiciliacion" | "cheque"; referencia?: string | undefined; cuenta_bancaria?: string | undefined; conciliado?: boolean | undefined; notas?: string | undefined; }>'.
      Type 'boolean | undefined' is not assignable to type 'boolean'.
        Type 'undefined' is not assignable to type 'boolean'.
src/components/pagos/pago-form.tsx(84,43): error TS2345: Argument of type '(data: PagoFormData) => Promise<void>' is not assignable to parameter of type 'SubmitHandler<TFieldValues>'.
  Types of parameters 'data' and 'data' are incompatible.
    Type 'TFieldValues' is not assignable to type '{ factura_id: string; importe: number; fecha_pago: string; metodo_pago: "transferencia" | "otro" | "efectivo" | "tarjeta" | "domiciliacion" | "cheque"; conciliado: boolean; referencia?: string | undefined; cuenta_bancaria?: string | undefined; notas?: string | undefined; }'.
      Type 'FieldValues' is missing the following properties from type '{ factura_id: string; importe: number; fecha_pago: string; metodo_pago: "transferencia" | "otro" | "efectivo" | "tarjeta" | "domiciliacion" | "cheque"; conciliado: boolean; referencia?: string | undefined; cuenta_bancaria?: string | undefined; notas?: string | undefined; }': factura_id, importe, fecha_pago, metodo_pago, conciliado
src/components/pagos/pagos-tabla.tsx(9,45): error TS2307: Cannot find module '@/components/ui/tabs' or its corresponding type declarations.
src/components/pagos/pagos-tabla.tsx(65,47): error TS7006: Parameter 'v' implicitly has an 'any' type.
src/components/ventas/editar-factura-form.tsx(49,80): error TS2551: Property 'serie_id' does not exist on type 'FacturaWithRelations'. Did you mean 'user_id'?
src/components/ventas/editar-factura-form.tsx(116,40): error TS2551: Property 'serie_id' does not exist on type 'FacturaWithRelations'. Did you mean 'user_id'?
src/components/ventas/editar-factura-form.tsx(142,13): error TS18048: 'result' is possibly 'undefined'.
src/components/ventas/editar-factura-form.tsx(147,25): error TS18048: 'result' is possibly 'undefined'.
