src/app/(dashboard)/ventas/clientes/page.tsx(107,28): error TS2719: Type 'Cliente[]' is not assignable to type 'Cliente[]'. Two different types with this name exist, but they are unrelated.
  Type 'Cliente' is missing the following properties from type 'Cliente': tipo_cliente, idioma_preferente, direccion, codigo_postal, and 6 more.
src/app/(dashboard)/ventas/facturas/[id]/editar/page.tsx(81,17): error TS2322: Type '{ base_imponible: number; cliente_id: string; created_at: string | null; descuento: number | null; descuento_tipo: string | null; descuento_valor: number | null; empresa_id: string; ... 21 more ...; lineas: { ...; }[]; }' is not assignable to type 'FacturaWithRelations'.
  Types of property 'serie_id' are incompatible.
    Type 'string | null' is not assignable to type 'string | undefined'.
      Type 'null' is not assignable to type 'string | undefined'.
src/app/(dashboard)/ventas/facturas/[id]/page.tsx(100,22): error TS2339: Property 'es_rectificativa' does not exist on type '{ base_imponible: number; cliente_id: string; created_at: string | null; descuento: number | null; descuento_tipo: string | null; descuento_valor: number | null; empresa_id: string; ... 21 more ...; lineas: { ...; }[]; }'.
src/app/(dashboard)/ventas/facturas/[id]/page.tsx(110,88): error TS2339: Property 'tipo_rectificativa' does not exist on type '{ base_imponible: number; cliente_id: string; created_at: string | null; descuento: number | null; descuento_tipo: string | null; descuento_valor: number | null; empresa_id: string; ... 21 more ...; lineas: { ...; }[]; }'.
src/app/(dashboard)/ventas/facturas/[id]/page.tsx(111,38): error TS2339: Property 'motivo_rectificacion' does not exist on type '{ base_imponible: number; cliente_id: string; created_at: string | null; descuento: number | null; descuento_tipo: string | null; descuento_valor: number | null; empresa_id: string; ... 21 more ...; lineas: { ...; }[]; }'.
src/app/(dashboard)/ventas/facturas/[id]/page.tsx(112,79): error TS2339: Property 'motivo_rectificacion' does not exist on type '{ base_imponible: number; cliente_id: string; created_at: string | null; descuento: number | null; descuento_tipo: string | null; descuento_valor: number | null; empresa_id: string; ... 21 more ...; lineas: { ...; }[]; }'.
src/app/(dashboard)/ventas/facturas/[id]/page.tsx(115,34): error TS2339: Property 'factura_rectificada_id' does not exist on type '{ base_imponible: number; cliente_id: string; created_at: string | null; descuento: number | null; descuento_tipo: string | null; descuento_valor: number | null; empresa_id: string; ... 21 more ...; lineas: { ...; }[]; }'.
src/app/(dashboard)/ventas/facturas/[id]/page.tsx(118,71): error TS2339: Property 'factura_rectificada_id' does not exist on type '{ base_imponible: number; cliente_id: string; created_at: string | null; descuento: number | null; descuento_tipo: string | null; descuento_valor: number | null; empresa_id: string; ... 21 more ...; lineas: { ...; }[]; }'.
src/app/(dashboard)/ventas/facturas/[id]/page.tsx(173,35): error TS2322: Type '{ base_imponible: number; cliente_id: string; created_at: string | null; descuento: number | null; descuento_tipo: string | null; descuento_valor: number | null; empresa_id: string; ... 21 more ...; lineas: { ...; }[]; }' is not assignable to type '{ id: string; numero: string; serie: string; estado: string; fecha_emision: string; total: number; cliente: { nombre_fiscal: string; }; }'.
  Types of property 'serie' are incompatible.
    Type 'string | null' is not assignable to type 'string'.
      Type 'null' is not assignable to type 'string'.
src/app/(dashboard)/ventas/facturas/[id]/page.tsx(181,45): error TS2322: Type '{ base_imponible: number; cliente_id: string; created_at: string | null; descuento: number | null; descuento_tipo: string | null; descuento_valor: number | null; empresa_id: string; ... 21 more ...; lineas: { ...; }[]; }' is not assignable to type '{ serie: string; numero: string; fecha_emision: string; fecha_vencimiento: string; estado: string; }'.
  Types of property 'serie' are incompatible.
    Type 'string | null' is not assignable to type 'string'.
      Type 'null' is not assignable to type 'string'.
src/app/(dashboard)/ventas/facturas/[id]/page.tsx(184,38): error TS2322: Type '{ activo: boolean | null; banco: string | null; bic_swift: string | null; cif: string; ciudad: string | null; codigo_postal: string | null; created_at: string | null; descuento_comercial: number | null; ... 26 more ...; updated_at: string | null; }' is not assignable to type '{ nombre_fiscal: string; nombre_comercial?: string | undefined; cif: string; email?: string | undefined; telefono?: string | undefined; direccion?: string | undefined; ciudad?: string | undefined; codigo_postal?: string | undefined; }'.
  Types of property 'nombre_comercial' are incompatible.
    Type 'string | null' is not assignable to type 'string | undefined'.
      Type 'null' is not assignable to type 'string | undefined'.
src/app/(dashboard)/ventas/facturas/[id]/page.tsx(188,41): error TS2322: Type '{ cantidad: number; concepto: string; concepto_id: string | null; created_at: string | null; descripcion: string | null; descuento_porcentaje: number | null; factura_id: string; id: string; iva_porcentaje: number; precio_unitario: number; subtotal: number; }[]' is not assignable to type 'Linea[]'.
  Type '{ cantidad: number; concepto: string; concepto_id: string | null; created_at: string | null; descripcion: string | null; descuento_porcentaje: number | null; factura_id: string; id: string; iva_porcentaje: number; precio_unitario: number; subtotal: number; }' is not assignable to type 'Linea'.
    Types of property 'descripcion' are incompatible.
      Type 'string | null' is not assignable to type 'string | undefined'.
        Type 'null' is not assignable to type 'string | undefined'.
src/app/(dashboard)/ventas/facturas/[id]/page.tsx(201,38): error TS2322: Type '{ created_at: string | null; datos_adicionales: Json; descripcion: string | null; factura_id: string; id: string; tipo: string; user_id: string | null; }[]' is not assignable to type 'Evento[]'.
  Type '{ created_at: string | null; datos_adicionales: Json; descripcion: string | null; factura_id: string; id: string; tipo: string; user_id: string | null; }' is not assignable to type 'Evento'.
    Types of property 'descripcion' are incompatible.
      Type 'string | null' is not assignable to type 'string'.
        Type 'null' is not assignable to type 'string'.
src/app/(dashboard)/ventas/facturas/nueva/page.tsx(67,17): error TS2322: Type '{ activo: boolean | null; aplica_recargo_equivalencia: boolean | null; banco: string | null; cif: string; ciudad: string | null; clausulas_generales: string | null; codigo_postal: string | null; ... 33 more ...; zona_horaria: string | null; } | null' is not assignable to type 'Empresa | null'.
  Type '{ activo: boolean | null; aplica_recargo_equivalencia: boolean | null; banco: string | null; cif: string; ciudad: string | null; clausulas_generales: string | null; codigo_postal: string | null; ... 33 more ...; zona_horaria: string | null; }' is not assignable to type 'Empresa'.
    Types of property 'created_at' are incompatible.
      Type 'string | null' is not assignable to type 'string'.
        Type 'null' is not assignable to type 'string'.
src/app/(dashboard)/ventas/facturas/page.tsx(166,21): error TS2322: Type '{ base_imponible: number; cliente_id: string; created_at: string | null; descuento: number | null; descuento_tipo: string | null; descuento_valor: number | null; empresa_id: string; ... 20 more ...; cliente: { ...; }; }[]' is not assignable to type 'FacturaWithCliente[]'.
  Type '{ base_imponible: number; cliente_id: string; created_at: string | null; descuento: number | null; descuento_tipo: string | null; descuento_valor: number | null; empresa_id: string; ... 20 more ...; cliente: { ...; }; }' is not assignable to type 'FacturaWithCliente'.
    Types of property 'cliente' are incompatible.
      Type '{ nombre_fiscal: string; nombre_comercial: string | null; cif: string; }' is missing the following properties from type '{ activo: boolean | null; banco: string | null; bic_swift: string | null; cif: string; ciudad: string | null; codigo_postal: string | null; created_at: string | null; descuento_comercial: number | null; ... 26 more ...; updated_at: string | null; }': activo, banco, bic_swift, ciudad, and 28 more.
src/app/actions/auth.ts(69,29): error TS18047: 'data.user' is possibly 'null'.
src/app/actions/auth.ts(70,32): error TS18047: 'data.user' is possibly 'null'.
src/app/actions/auth.ts(78,17): error TS2304: Cannot find name 'fs'.
src/app/actions/auth.ts(83,34): error TS18047: 'error' is possibly 'null'.
src/app/actions/auth.ts(88,13): error TS2304: Cannot find name 'fs'.
src/app/actions/auth.ts(88,92): error TS18047: 'data.user' is possibly 'null'.
src/app/actions/auth.ts(102,25): error TS18047: 'data.user' is possibly 'null'.
src/app/actions/auth.ts(103,28): error TS18047: 'data.user' is possibly 'null'.
src/app/actions/email.tsx(79,17): error TS2322: Type '{ base_imponible: number; cliente_id: string; created_at: string | null; descuento: number | null; descuento_tipo: string | null; descuento_valor: number | null; empresa_id: string; ... 21 more ...; lineas: { ...; }[]; }' is not assignable to type 'FacturaWithRelations'.
  Types of property 'descuento_tipo' are incompatible.
    Type 'string | null' is not assignable to type '"porcentaje" | "fijo" | null'.
      Type 'string' is not assignable to type '"porcentaje" | "fijo" | null'.
src/app/actions/facturas-rectificativas.ts(44,21): error TS2339: Property 'es_rectificativa' does not exist on type '{ base_imponible: number; cliente_id: string; created_at: string | null; descuento: number | null; descuento_tipo: string | null; descuento_valor: number | null; empresa_id: string; ... 21 more ...; lineas: { ...; }[]; }'.
src/app/actions/facturas-rectificativas.ts(90,33): error TS2339: Property 'empresa_id' does not exist on type 'SelectQueryError<"column 'es_rectificativa' does not exist on 'facturas'.">'.
src/app/actions/facturas-rectificativas.ts(94,21): error TS2339: Property 'estado' does not exist on type 'SelectQueryError<"column 'es_rectificativa' does not exist on 'facturas'.">'.
src/app/actions/facturas-rectificativas.ts(98,21): error TS2339: Property 'es_rectificativa' does not exist on type 'SelectQueryError<"column 'es_rectificativa' does not exist on 'facturas'.">'.
src/app/actions/facturas-rectificativas.ts(104,13): error TS2345: Argument of type '"crear_factura_rectificativa"' is not assignable to parameter of type '"generar_codigo_concepto" | "get_desglose_iva" | "get_estadisticas_vencidas" | "get_estado_facturas" | "get_evolucion_facturacion" | "get_facturacion_por_categoria" | ... 6 more ... | "validar_iban"'.
src/app/actions/facturas-rectificativas.ts(164,19): error TS2769: No overload matches this call.
  Overload 1 of 2, '(relation: "perfiles" | "clientes" | "facturas" | "lineas_factura" | "eventos_factura" | "pagos_factura" | "pagos" | "emails_factura" | "series_facturacion" | "conceptos_catalogo" | "empresas" | "plantillas_pdf" | "plantillas_recordatorio" | "recordatorios"): PostgrestQueryBuilder<...>', gave the following error.
    Argument of type '"vista_facturas_rectificativas"' is not assignable to parameter of type '"perfiles" | "clientes" | "facturas" | "lineas_factura" | "eventos_factura" | "pagos_factura" | "pagos" | "emails_factura" | "series_facturacion" | "conceptos_catalogo" | "empresas" | "plantillas_pdf" | "plantillas_recordatorio" | "recordatorios"'.
  Overload 2 of 2, '(relation: "vista_facturas_vencidas" | "vista_estadisticas_ventas" | "vista_pagos_dashboard"): PostgrestQueryBuilder<{ PostgrestVersion: "14.1"; }, { Tables: { clientes: { Row: { activo: boolean | null; ... 33 more ...; updated_at: string | null; }; Insert: { ...; }; Update: { ...; }; Relationships: []; }; ... 12 more ...; series_facturacion: { ...; }; }; Views: { ...; }; Functions: { ...; }; Enums: {}; CompositeTypes: {}; }, { ...; } | ... 1 more ... | { ...; }, "vista_facturas_vencidas" | ... 1 more ... | "vista_pagos_dashboard", [] | ... 1 more ... | [...]>', gave the following error.
    Argument of type '"vista_facturas_rectificativas"' is not assignable to parameter of type '"vista_facturas_vencidas" | "vista_estadisticas_ventas" | "vista_pagos_dashboard"'.
src/app/api/facturas/[id]/pdf/route.tsx(69,17): error TS2322: Type '{ base_imponible: number; cliente_id: string; created_at: string | null; descuento: number | null; descuento_tipo: string | null; descuento_valor: number | null; empresa_id: string; ... 21 more ...; lineas: { ...; }[]; }' is not assignable to type 'FacturaWithRelations'.
  Types of property 'descuento_tipo' are incompatible.
    Type 'string | null' is not assignable to type '"porcentaje" | "fijo" | null'.
      Type 'string' is not assignable to type '"porcentaje" | "fijo" | null'.
src/components/configuracion/empresa-form.tsx(117,48): error TS18048: 'result.data' is possibly 'undefined'.
src/components/configuracion/empresa-form.tsx(129,38): error TS2322: Type 'null' is not assignable to type 'string | undefined'.
src/components/facturas/modal-crear-rectificativa.tsx(59,36): error TS18048: 'result.data' is possibly 'undefined'.
src/components/facturas/modal-crear-rectificativa.tsx(120,45): error TS18048: 'result.data' is possibly 'undefined'.
src/components/pagos/pago-form.tsx(34,9): error TS2322: Type 'Resolver<{ factura_id: string; importe: number; fecha_pago: string; metodo_pago: "transferencia" | "otro" | "efectivo" | "tarjeta" | "domiciliacion" | "cheque"; referencia?: string | undefined; cuenta_bancaria?: string | undefined; conciliado?: boolean | undefined; notas?: string | undefined; }, any, { ...; }>' is not assignable to type 'Resolver<{ factura_id: string; importe: number; fecha_pago: string; metodo_pago: "transferencia" | "otro" | "efectivo" | "tarjeta" | "domiciliacion" | "cheque"; conciliado: boolean; referencia?: string | undefined; cuenta_bancaria?: string | undefined; notas?: string | undefined; }, any, { ...; }>'.
  Types of parameters 'options' and 'options' are incompatible.
    Type 'ResolverOptions<{ factura_id: string; importe: number; fecha_pago: string; metodo_pago: "transferencia" | "otro" | "efectivo" | "tarjeta" | "domiciliacion" | "cheque"; conciliado: boolean; referencia?: string | undefined; cuenta_bancaria?: string | undefined; notas?: string | undefined; }>' is not assignable to type 'ResolverOptions<{ factura_id: string; importe: number; fecha_pago: string; metodo_pago: "transferencia" | "otro" | "efectivo" | "tarjeta" | "domiciliacion" | "cheque"; referencia?: string | undefined; cuenta_bancaria?: string | undefined; conciliado?: boolean | undefined; notas?: string | undefined; }>'.
      Type 'boolean | undefined' is not assignable to type 'boolean'.
        Type 'undefined' is not assignable to type 'boolean'.
src/components/pagos/pago-form.tsx(84,43): error TS2345: Argument of type '(data: PagoFormData) => Promise<void>' is not assignable to parameter of type 'SubmitHandler<TFieldValues>'.
  Types of parameters 'data' and 'data' are incompatible.
    Type 'TFieldValues' is not assignable to type '{ factura_id: string; importe: number; fecha_pago: string; metodo_pago: "transferencia" | "otro" | "efectivo" | "tarjeta" | "domiciliacion" | "cheque"; conciliado: boolean; referencia?: string | undefined; cuenta_bancaria?: string | undefined; notas?: string | undefined; }'.
      Type 'FieldValues' is missing the following properties from type '{ factura_id: string; importe: number; fecha_pago: string; metodo_pago: "transferencia" | "otro" | "efectivo" | "tarjeta" | "domiciliacion" | "cheque"; conciliado: boolean; referencia?: string | undefined; cuenta_bancaria?: string | undefined; notas?: string | undefined; }': factura_id, importe, fecha_pago, metodo_pago, conciliado
src/components/pagos/pagos-tabla.tsx(9,45): error TS2307: Cannot find module '@/components/ui/tabs' or its corresponding type declarations.
src/components/pagos/pagos-tabla.tsx(65,47): error TS7006: Parameter 'v' implicitly has an 'any' type.
src/components/ventas/editar-factura-form.tsx(8,45): error TS2724: '"lucide-react"' has no exported member named 'Percentage'. Did you mean 'Percent'?
src/components/ventas/editar-factura-form.tsx(36,11): error TS2430: Interface 'FacturaWithRelations' incorrectly extends interface 'Factura'.
  Type 'FacturaWithRelations' is not assignable to type '{ base_imponible: number; cliente_id: string; created_at: string | null; descuento: number | null; descuento_tipo: string | null; descuento_valor: number | null; empresa_id: string; ... 19 more ...; updated_at: string | null; }'.
    Types of property 'serie_id' are incompatible.
      Type 'string | undefined' is not assignable to type 'string | null'.
        Type 'undefined' is not assignable to type 'string | null'.
src/components/ventas/historial-cambios-card.tsx(30,54): error TS2769: No overload matches this call.
  Overload 1 of 4, '(value: string | number | Date): Date', gave the following error.
    Argument of type 'string | null' is not assignable to parameter of type 'string | number | Date'.
      Type 'null' is not assignable to type 'string | number | Date'.
  Overload 2 of 4, '(value: string | number): Date', gave the following error.
    Argument of type 'string | null' is not assignable to parameter of type 'string | number'.
      Type 'null' is not assignable to type 'string | number'.
src/components/ventas/nueva-factura-form.tsx(6,43): error TS2724: '"lucide-react"' has no exported member named 'Percentage'. Did you mean 'Percent'?
src/components/ventas/pdf/pdf-document.tsx(230,68): error TS2339: Property 'email' does not exist on type '{ activo: boolean | null; banco: string | null; bic_swift: string | null; cif: string; ciudad: string | null; codigo_postal: string | null; created_at: string | null; descuento_comercial: number | null; ... 26 more ...; updated_at: string | null; }'.
src/components/ventas/pdf/pdf-layout-preview.tsx(97,26): error TS18047: 'factura.descuento' is possibly 'null'.
src/components/ventas/pdf/pdf-layout-preview.tsx(100,56): error TS2345: Argument of type 'number | null' is not assignable to parameter of type 'number'.
  Type 'null' is not assignable to type 'number'.
